../Core/Src/main.c:92:6:USART_fsend	152	static,ignoring_inline_asm
../Core/Src/main.c:119:6:HAL_UART_TxCpltCallback	24	static
../Core/Src/main.c:131:6:HAL_UART_RxCpltCallback	16	static
../Core/Src/main.c:142:9:genChecksum	32	static
../Core/Src/main.c:159:5:compareChecksums	24	static
../Core/Src/main.c:168:5:checkCharacters	32	static
../Core/Src/main.c:187:5:checkSenderAndReceiver	16	static
../Core/Src/main.c:196:6:usDelay	16	static
../Core/Src/main.c:201:19:wireReset	16	static
../Core/Src/main.c:216:6:writeBit	16	static
../Core/Src/main.c:230:5:readBit	16	static
../Core/Src/main.c:241:6:wireWrite	24	static
../Core/Src/main.c:249:9:wireRead	16	static
../Core/Src/main.c:261:6:searchROM	80	static
../Core/Src/main.c:329:6:measureTemp	32	static
../Core/Src/main.c:357:6:wrongCmd	64	static
../Core/Src/main.c:364:6:wrongDataFormat	64	static
../Core/Src/main.c:371:6:wrongDataRange	64	static
../Core/Src/main.c:378:6:changeMeasurementInterval	24	static
../Core/Src/main.c:392:6:getMeasurementInterval	112	static
../Core/Src/main.c:402:6:changeTmpUnit	16	static
../Core/Src/main.c:406:6:getCurrentTmpUnit	112	static
../Core/Src/main.c:416:6:getTemperature	136	static
../Core/Src/main.c:438:6:searchOneWire	200	static
../Core/Src/main.c:456:6:analyzeCommand	16	static
../Core/Src/main.c:492:5:main	112	dynamic
../Core/Src/main.c:635:6:SystemClock_Config	88	static
../Core/Src/main.c:683:13:MX_TIM6_Init	16	static
../Core/Src/main.c:721:13:MX_USART2_UART_Init	8	static
../Core/Src/main.c:754:13:MX_GPIO_Init	48	static
../Core/Src/main.c:804:6:Error_Handler	4	static,ignoring_inline_asm
